// Jest Snapshot v1, https://goo.gl/fbAQLP

exports[`<PokemonItem /> render test rendering 1`] = `
<div
  className="pokemon-item"
  onClick={[Function]}
>
  <span>
    NAME
  </span>
</div>
`;
